2026-02-18 09:06:33.961 [info] Extension host with pid 3525 started
2026-02-18 09:06:34.076 [info] ExtensionService#_doActivateExtension vscode.github-authentication, startup: false, activationEvent: 'onAuthenticationRequest:github'
2026-02-18 09:06:34.131 [info] ExtensionService#_doActivateExtension vscode.emmet, startup: false, activationEvent: 'onLanguage'
2026-02-18 09:06:34.288 [info] ExtensionService#_doActivateExtension vscode.git-base, startup: true, activationEvent: '*', root cause: vscode.git
2026-02-18 09:06:34.366 [info] ExtensionService#_doActivateExtension vscode.git, startup: true, activationEvent: '*'
2026-02-18 09:06:34.445 [info] ExtensionService#_doActivateExtension vscode.github, startup: true, activationEvent: '*'
2026-02-18 09:06:34.628 [info] Eager extensions activated
2026-02-18 09:06:34.636 [info] ExtensionService#_doActivateExtension vscode.debug-auto-launch, startup: false, activationEvent: 'onStartupFinished'
2026-02-18 09:06:34.639 [info] ExtensionService#_doActivateExtension vscode.merge-conflict, startup: false, activationEvent: 'onStartupFinished'
2026-02-18 09:06:34.663 [info] ExtensionService#_doActivateExtension formulahendry.code-runner, startup: false, activationEvent: 'onStartupFinished'
2026-02-18 09:10:28.484 [info] Extension host terminating: renderer closed the MessagePort
2026-02-18 09:10:28.504 [info] Extension host with pid 3525 exiting with code 0
2026-02-18 09:10:30.914 [info] Extension host with pid 3995 started
2026-02-18 09:10:30.914 [info] Skipping acquiring lock for /home/samer/.config/Code - OSS/User/workspaceStorage/59445d3c62b9f101269ccb277f122d45.
2026-02-18 09:10:31.014 [info] ExtensionService#_doActivateExtension vscode.github-authentication, startup: false, activationEvent: 'onAuthenticationRequest:github'
2026-02-18 09:10:31.068 [info] ExtensionService#_doActivateExtension vscode.emmet, startup: false, activationEvent: 'onLanguage'
2026-02-18 09:10:31.154 [info] ExtensionService#_doActivateExtension vscode.git-base, startup: true, activationEvent: '*', root cause: vscode.git
2026-02-18 09:10:31.220 [info] ExtensionService#_doActivateExtension vscode.git, startup: true, activationEvent: '*'
2026-02-18 09:10:31.310 [info] ExtensionService#_doActivateExtension vscode.github, startup: true, activationEvent: '*'
2026-02-18 09:10:31.469 [info] Eager extensions activated
2026-02-18 09:10:31.505 [info] ExtensionService#_doActivateExtension vscode.debug-auto-launch, startup: false, activationEvent: 'onStartupFinished'
2026-02-18 09:10:31.508 [info] ExtensionService#_doActivateExtension vscode.merge-conflict, startup: false, activationEvent: 'onStartupFinished'
2026-02-18 09:10:31.551 [info] ExtensionService#_doActivateExtension formulahendry.code-runner, startup: false, activationEvent: 'onStartupFinished'
2026-02-18 09:10:36.677 [info] ExtensionService#_doActivateExtension vscode.configuration-editing, startup: false, activationEvent: 'onLanguage:jsonc'
2026-02-18 09:10:36.690 [info] ExtensionService#_doActivateExtension vscode.json-language-features, startup: false, activationEvent: 'onLanguage:jsonc'
2026-02-18 09:10:36.780 [info] ExtensionService#_doActivateExtension vscode.typescript-language-features, startup: false, activationEvent: 'onLanguage:jsonc'
2026-02-18 09:11:56.602 [info] Extension host terminating: renderer closed the MessagePort
2026-02-18 09:11:56.630 [info] Extension host with pid 3995 exiting with code 0
