2026-02-17 22:09:19.644 [info] [main] Log level: Info
2026-02-17 22:09:19.645 [info] [main] Validating found git in: "git"
2026-02-17 22:09:19.645 [info] [main] Using git "2.53.0" from "git"
2026-02-17 22:09:19.645 [info] [Model][doInitialScan] Initial repository scan started
2026-02-17 22:09:19.645 [info] > git rev-parse --show-toplevel [19ms]
2026-02-17 22:09:19.645 [info] fatal: not a git repository (or any parent up to mount point /)
Stopping at filesystem boundary (GIT_DISCOVERY_ACROSS_FILESYSTEM not set).
2026-02-17 22:09:19.645 [info] [Model][doInitialScan] Initial repository scan completed - repositories (0), closed repositories (0), parent repositories (0), unsafe repositories (0)
2026-02-17 22:16:47.410 [info] > git rev-parse --show-toplevel [1ms]
2026-02-17 22:16:47.410 [info] fatal: not a git repository (or any parent up to mount point /)
Stopping at filesystem boundary (GIT_DISCOVERY_ACROSS_FILESYSTEM not set).
2026-02-17 22:17:51.790 [info] > git rev-parse --show-toplevel [3ms]
2026-02-17 22:17:51.790 [info] fatal: not a git repository (or any parent up to mount point /)
Stopping at filesystem boundary (GIT_DISCOVERY_ACROSS_FILESYSTEM not set).
2026-02-17 22:26:57.562 [info] > git rev-parse --show-toplevel [2ms]
2026-02-17 22:26:57.562 [info] fatal: not a git repository (or any parent up to mount point /)
Stopping at filesystem boundary (GIT_DISCOVERY_ACROSS_FILESYSTEM not set).
2026-02-17 22:27:55.066 [info] > git rev-parse --show-toplevel [2ms]
2026-02-17 22:27:55.066 [info] fatal: not a git repository (or any parent up to mount point /)
Stopping at filesystem boundary (GIT_DISCOVERY_ACROSS_FILESYSTEM not set).
