2026-02-16 17:50:33.773 [info] Extension host with pid 7796 started
2026-02-16 17:50:33.993 [info] ExtensionService#_doActivateExtension vscode.github-authentication, startup: false, activationEvent: 'onAuthenticationRequest:github'
2026-02-16 17:50:34.046 [info] ExtensionService#_doActivateExtension vscode.emmet, startup: false, activationEvent: 'onLanguage'
2026-02-16 17:50:34.074 [info] ExtensionService#_doActivateExtension vscode.configuration-editing, startup: false, activationEvent: 'onLanguage:jsonc'
2026-02-16 17:50:34.083 [info] ExtensionService#_doActivateExtension vscode.json-language-features, startup: false, activationEvent: 'onLanguage:jsonc'
2026-02-16 17:50:34.194 [info] ExtensionService#_doActivateExtension vscode.typescript-language-features, startup: false, activationEvent: 'onLanguage:jsonc'
2026-02-16 17:50:34.704 [info] ExtensionService#_doActivateExtension vscode.git-base, startup: true, activationEvent: '*', root cause: vscode.git
2026-02-16 17:50:34.718 [info] ExtensionService#_doActivateExtension vscode.git, startup: true, activationEvent: '*'
2026-02-16 17:50:34.787 [info] ExtensionService#_doActivateExtension vscode.github, startup: true, activationEvent: '*'
2026-02-16 17:50:34.916 [info] Eager extensions activated
2026-02-16 17:50:34.921 [info] ExtensionService#_doActivateExtension vscode.debug-auto-launch, startup: false, activationEvent: 'onStartupFinished'
2026-02-16 17:50:34.924 [info] ExtensionService#_doActivateExtension vscode.merge-conflict, startup: false, activationEvent: 'onStartupFinished'
2026-02-16 17:50:34.947 [info] ExtensionService#_doActivateExtension formulahendry.code-runner, startup: false, activationEvent: 'onStartupFinished'
2026-02-16 17:52:51.969 [info] Extension host terminating: renderer closed the MessagePort
2026-02-16 17:52:51.995 [info] Extension host with pid 7796 exiting with code 0
2026-02-16 17:52:54.218 [info] Extension host with pid 8327 started
2026-02-16 17:52:54.218 [info] Skipping acquiring lock for /home/samer/.config/Code - OSS/User/workspaceStorage/a84b92099633b866c9762de5c3b8eedd.
2026-02-16 17:52:54.349 [info] ExtensionService#_doActivateExtension vscode.github-authentication, startup: false, activationEvent: 'onAuthenticationRequest:github'
2026-02-16 17:52:54.409 [info] ExtensionService#_doActivateExtension vscode.emmet, startup: false, activationEvent: 'onLanguage'
2026-02-16 17:52:54.451 [info] ExtensionService#_doActivateExtension vscode.configuration-editing, startup: false, activationEvent: 'onLanguage:jsonc'
2026-02-16 17:52:54.467 [info] ExtensionService#_doActivateExtension vscode.json-language-features, startup: false, activationEvent: 'onLanguage:jsonc'
2026-02-16 17:52:54.601 [info] ExtensionService#_doActivateExtension vscode.typescript-language-features, startup: false, activationEvent: 'onLanguage:jsonc'
2026-02-16 17:52:55.037 [info] ExtensionService#_doActivateExtension vscode.css-language-features, startup: false, activationEvent: 'onLanguage:css'
2026-02-16 17:52:55.261 [info] ExtensionService#_doActivateExtension vscode.git-base, startup: true, activationEvent: '*', root cause: vscode.git
2026-02-16 17:52:55.307 [info] ExtensionService#_doActivateExtension vscode.git, startup: true, activationEvent: '*'
2026-02-16 17:52:55.425 [info] ExtensionService#_doActivateExtension vscode.github, startup: true, activationEvent: '*'
2026-02-16 17:52:55.802 [info] Eager extensions activated
2026-02-16 17:52:55.850 [info] ExtensionService#_doActivateExtension vscode.debug-auto-launch, startup: false, activationEvent: 'onStartupFinished'
2026-02-16 17:52:55.853 [info] ExtensionService#_doActivateExtension vscode.merge-conflict, startup: false, activationEvent: 'onStartupFinished'
2026-02-16 17:52:55.880 [info] ExtensionService#_doActivateExtension formulahendry.code-runner, startup: false, activationEvent: 'onStartupFinished'
2026-02-16 18:05:42.679 [info] Extension host terminating: renderer closed the MessagePort
2026-02-16 18:05:42.711 [info] Extension host with pid 8327 exiting with code 0
