2026-02-16 18:21:54.463 [info] Extension host with pid 10198 started
2026-02-16 18:21:54.542 [info] ExtensionService#_doActivateExtension vscode.github-authentication, startup: false, activationEvent: 'onAuthenticationRequest:github'
2026-02-16 18:21:54.597 [info] ExtensionService#_doActivateExtension vscode.emmet, startup: false, activationEvent: 'onLanguage'
2026-02-16 18:21:54.718 [info] ExtensionService#_doActivateExtension vscode.git-base, startup: true, activationEvent: '*'
2026-02-16 18:21:54.735 [info] ExtensionService#_doActivateExtension vscode.github, startup: true, activationEvent: '*'
2026-02-16 18:21:54.824 [info] Eager extensions activated
2026-02-16 18:21:54.858 [info] ExtensionService#_doActivateExtension vscode.debug-auto-launch, startup: false, activationEvent: 'onStartupFinished'
2026-02-16 18:21:54.864 [info] ExtensionService#_doActivateExtension vscode.merge-conflict, startup: false, activationEvent: 'onStartupFinished'
2026-02-16 18:25:16.502 [info] Extension host terminating: renderer closed the MessagePort
2026-02-16 18:25:16.506 [info] Extension host with pid 10198 exiting with code 0
2026-02-16 18:25:18.679 [info] Extension host with pid 10810 started
2026-02-16 18:25:18.679 [info] Skipping acquiring lock for /home/samer/.config/Code - OSS/User/workspaceStorage/a84b92099633b866c9762de5c3b8eedd.
2026-02-16 18:25:18.878 [info] ExtensionService#_doActivateExtension vscode.github-authentication, startup: false, activationEvent: 'onAuthenticationRequest:github'
2026-02-16 18:25:18.927 [info] ExtensionService#_doActivateExtension vscode.emmet, startup: false, activationEvent: 'onLanguage'
2026-02-16 18:25:18.959 [info] ExtensionService#_doActivateExtension vscode.css-language-features, startup: false, activationEvent: 'onLanguage:css'
2026-02-16 18:25:19.537 [info] ExtensionService#_doActivateExtension vscode.git-base, startup: true, activationEvent: '*', root cause: vscode.git
2026-02-16 18:25:19.562 [info] ExtensionService#_doActivateExtension vscode.git, startup: true, activationEvent: '*'
2026-02-16 18:25:19.627 [info] ExtensionService#_doActivateExtension vscode.github, startup: true, activationEvent: '*'
2026-02-16 18:25:19.776 [info] Eager extensions activated
2026-02-16 18:25:19.796 [info] ExtensionService#_doActivateExtension vscode.debug-auto-launch, startup: false, activationEvent: 'onStartupFinished'
2026-02-16 18:25:19.799 [info] ExtensionService#_doActivateExtension vscode.merge-conflict, startup: false, activationEvent: 'onStartupFinished'
2026-02-16 18:25:19.827 [info] ExtensionService#_doActivateExtension formulahendry.code-runner, startup: false, activationEvent: 'onStartupFinished'
2026-02-16 18:25:45.020 [info] ExtensionService#_doActivateExtension vscode.configuration-editing, startup: false, activationEvent: 'onLanguage:jsonc'
2026-02-16 18:25:45.038 [info] ExtensionService#_doActivateExtension vscode.json-language-features, startup: false, activationEvent: 'onLanguage:jsonc'
2026-02-16 18:25:45.133 [info] ExtensionService#_doActivateExtension vscode.typescript-language-features, startup: false, activationEvent: 'onLanguage:jsonc'
2026-02-16 19:02:20.638 [info] Extension host terminating: renderer closed the MessagePort
2026-02-16 19:02:20.662 [info] Extension host with pid 10810 exiting with code 0
