2026-02-16 17:45:21.744 [info] [main] Log level: Info
2026-02-16 17:45:21.744 [info] [main] Validating found git in: "git"
2026-02-16 17:45:21.744 [info] [main] Using git "2.53.0" from "git"
2026-02-16 17:45:21.744 [info] [Model][doInitialScan] Initial repository scan started
2026-02-16 17:45:21.744 [info] > git rev-parse --show-toplevel [6ms]
2026-02-16 17:45:21.744 [info] fatal: not a git repository (or any parent up to mount point /)
Stopping at filesystem boundary (GIT_DISCOVERY_ACROSS_FILESYSTEM not set).
2026-02-16 17:45:21.744 [info] > git rev-parse --show-toplevel [4ms]
2026-02-16 17:45:21.744 [info] fatal: not a git repository (or any parent up to mount point /)
Stopping at filesystem boundary (GIT_DISCOVERY_ACROSS_FILESYSTEM not set).
2026-02-16 17:45:21.744 [info] [Model][doInitialScan] Initial repository scan completed - repositories (0), closed repositories (0), parent repositories (0), unsafe repositories (0)
2026-02-16 17:45:21.877 [info] > git rev-parse --show-toplevel [6ms]
2026-02-16 17:45:21.877 [info] fatal: not a git repository (or any parent up to mount point /)
Stopping at filesystem boundary (GIT_DISCOVERY_ACROSS_FILESYSTEM not set).
2026-02-16 17:45:41.683 [info] [main] Log level: Info
2026-02-16 17:45:41.683 [info] [main] Validating found git in: "git"
2026-02-16 17:45:41.683 [info] [main] Using git "2.53.0" from "git"
2026-02-16 17:45:41.683 [info] [Model][doInitialScan] Initial repository scan started
2026-02-16 17:45:41.683 [info] > git rev-parse --show-toplevel [16ms]
2026-02-16 17:45:41.683 [info] fatal: not a git repository (or any parent up to mount point /)
Stopping at filesystem boundary (GIT_DISCOVERY_ACROSS_FILESYSTEM not set).
2026-02-16 17:45:41.683 [info] [Model][doInitialScan] Initial repository scan completed - repositories (0), closed repositories (0), parent repositories (0), unsafe repositories (0)
2026-02-16 17:45:41.882 [info] > git rev-parse --show-toplevel [59ms]
2026-02-16 17:45:41.882 [info] fatal: not a git repository (or any parent up to mount point /)
Stopping at filesystem boundary (GIT_DISCOVERY_ACROSS_FILESYSTEM not set).
2026-02-16 17:45:42.731 [info] > git rev-parse --show-toplevel [2ms]
2026-02-16 17:45:42.731 [info] fatal: not a git repository (or any parent up to mount point /)
Stopping at filesystem boundary (GIT_DISCOVERY_ACROSS_FILESYSTEM not set).
2026-02-16 17:45:43.016 [info] > git rev-parse --show-toplevel [3ms]
2026-02-16 17:45:43.016 [info] fatal: not a git repository (or any parent up to mount point /)
Stopping at filesystem boundary (GIT_DISCOVERY_ACROSS_FILESYSTEM not set).
