2026-02-16 18:25:19.768 [info] [main] Log level: Info
2026-02-16 18:25:19.768 [info] [main] Validating found git in: "git"
2026-02-16 18:25:19.768 [info] [main] Using git "2.53.0" from "git"
2026-02-16 18:25:19.768 [info] [Model][doInitialScan] Initial repository scan started
2026-02-16 18:25:19.768 [info] > git rev-parse --show-toplevel [9ms]
2026-02-16 18:25:19.768 [info] fatal: not a git repository (or any parent up to mount point /)
Stopping at filesystem boundary (GIT_DISCOVERY_ACROSS_FILESYSTEM not set).
2026-02-16 18:25:19.768 [info] > git rev-parse --show-toplevel [2ms]
2026-02-16 18:25:19.768 [info] fatal: not a git repository (or any parent up to mount point /)
Stopping at filesystem boundary (GIT_DISCOVERY_ACROSS_FILESYSTEM not set).
2026-02-16 18:25:19.768 [info] [Model][doInitialScan] Initial repository scan completed - repositories (0), closed repositories (0), parent repositories (0), unsafe repositories (0)
2026-02-16 18:25:20.199 [info] > git rev-parse --show-toplevel [1ms]
2026-02-16 18:25:20.199 [info] fatal: not a git repository (or any parent up to mount point /)
Stopping at filesystem boundary (GIT_DISCOVERY_ACROSS_FILESYSTEM not set).
2026-02-16 18:25:44.980 [info] > git rev-parse --show-toplevel [1ms]
2026-02-16 18:25:44.980 [info] fatal: not a git repository (or any parent up to mount point /)
Stopping at filesystem boundary (GIT_DISCOVERY_ACROSS_FILESYSTEM not set).
2026-02-16 18:28:51.501 [info] > git rev-parse --show-toplevel [4ms]
2026-02-16 18:28:51.501 [info] fatal: not a git repository (or any parent up to mount point /)
Stopping at filesystem boundary (GIT_DISCOVERY_ACROSS_FILESYSTEM not set).
2026-02-16 18:29:21.242 [info] > git rev-parse --show-toplevel [2ms]
2026-02-16 18:29:21.242 [info] fatal: not a git repository (or any parent up to mount point /)
Stopping at filesystem boundary (GIT_DISCOVERY_ACROSS_FILESYSTEM not set).
2026-02-16 18:33:22.079 [info] > git rev-parse --show-toplevel [1ms]
2026-02-16 18:33:22.079 [info] fatal: not a git repository (or any parent up to mount point /)
Stopping at filesystem boundary (GIT_DISCOVERY_ACROSS_FILESYSTEM not set).
2026-02-16 18:34:22.986 [info] > git rev-parse --show-toplevel [2ms]
2026-02-16 18:34:22.986 [info] fatal: not a git repository (or any parent up to mount point /)
Stopping at filesystem boundary (GIT_DISCOVERY_ACROSS_FILESYSTEM not set).
2026-02-16 18:37:44.233 [info] > git rev-parse --show-toplevel [2ms]
2026-02-16 18:37:44.233 [info] fatal: not a git repository (or any parent up to mount point /)
Stopping at filesystem boundary (GIT_DISCOVERY_ACROSS_FILESYSTEM not set).
2026-02-16 18:39:47.514 [info] > git rev-parse --show-toplevel [4ms]
2026-02-16 18:39:47.514 [info] fatal: not a git repository (or any parent up to mount point /)
Stopping at filesystem boundary (GIT_DISCOVERY_ACROSS_FILESYSTEM not set).
2026-02-16 19:02:16.529 [info] > git rev-parse --show-toplevel [2ms]
2026-02-16 19:02:16.529 [info] fatal: not a git repository (or any parent up to mount point /)
Stopping at filesystem boundary (GIT_DISCOVERY_ACROSS_FILESYSTEM not set).
