2026-02-17 18:17:12.245 [info] Started local extension host with pid 13606.
2026-02-17 18:17:13.088 [error] Extension 'ms-python.debugpy CANNOT USE these API proposals 'portsAttributes, debugVisualization, contribViewsWelcome'. You MUST start in extension development mode or use the --enable-proposed-api command line flag
2026-02-17 18:17:13.088 [error] Extension 'ms-python.python CANNOT USE these API proposals 'contribEditorContentMenu, quickPickSortByLabel, testObserver, quickPickItemTooltip, terminalDataWriteEvent, terminalExecuteCommandEvent, codeActionAI, notebookReplDocument, notebookVariableProvider'. You MUST start in extension development mode or use the --enable-proposed-api command line flag
2026-02-17 18:17:13.089 [error] Extension 'ms-python.vscode-python-envs CANNOT USE these API proposals 'terminalShellEnv, terminalDataWriteEvent'. You MUST start in extension development mode or use the --enable-proposed-api command line flag
2026-02-17 18:17:14.789 [error] [Extension Host] (node:13606) [DEP0040] DeprecationWarning: The `punycode` module is deprecated. Please use a userland alternative instead.
(Use `exe --trace-deprecation ...` to show where the warning was created)
2026-02-17 18:17:15.276 [info] [perf] Render performance baseline is 48ms
2026-02-17 18:18:25.201 [error] Extension 'ms-python.debugpy CANNOT USE these API proposals 'portsAttributes, debugVisualization, contribViewsWelcome'. You MUST start in extension development mode or use the --enable-proposed-api command line flag
2026-02-17 18:18:25.204 [error] Extension 'ms-python.python CANNOT USE these API proposals 'contribEditorContentMenu, quickPickSortByLabel, testObserver, quickPickItemTooltip, terminalDataWriteEvent, terminalExecuteCommandEvent, codeActionAI, notebookReplDocument, notebookVariableProvider'. You MUST start in extension development mode or use the --enable-proposed-api command line flag
2026-02-17 18:18:25.207 [error] Extension 'ms-python.vscode-python-envs CANNOT USE these API proposals 'terminalShellEnv, terminalDataWriteEvent'. You MUST start in extension development mode or use the --enable-proposed-api command line flag
2026-02-17 18:18:25.258 [error] [ms-python.python]: editor/content is a proposed menu identifier. It requires 'package.json#enabledApiProposals: ["contribEditorContentMenu"]' and is only available when running out of dev or with the following command line switch: --enable-proposed-api ms-python.python
2026-02-17 18:18:38.127 [info] Started local extension host with pid 14027.
2026-02-17 18:18:38.703 [error] Extension 'ms-python.debugpy CANNOT USE these API proposals 'portsAttributes, debugVisualization, contribViewsWelcome'. You MUST start in extension development mode or use the --enable-proposed-api command line flag
2026-02-17 18:18:38.703 [error] Extension 'ms-python.python CANNOT USE these API proposals 'contribEditorContentMenu, quickPickSortByLabel, testObserver, quickPickItemTooltip, terminalDataWriteEvent, terminalExecuteCommandEvent, codeActionAI, notebookReplDocument, notebookVariableProvider'. You MUST start in extension development mode or use the --enable-proposed-api command line flag
2026-02-17 18:18:38.704 [error] Extension 'ms-python.vscode-python-envs CANNOT USE these API proposals 'terminalShellEnv, terminalDataWriteEvent'. You MUST start in extension development mode or use the --enable-proposed-api command line flag
2026-02-17 18:18:41.018 [info] [perf] Render performance baseline is 92ms
2026-02-17 18:18:48.399 [error] Extension 'ms-python.debugpy CANNOT USE these API proposals 'portsAttributes, debugVisualization, contribViewsWelcome'. You MUST start in extension development mode or use the --enable-proposed-api command line flag
2026-02-17 18:18:48.402 [error] Extension 'ms-python.python CANNOT USE these API proposals 'contribEditorContentMenu, quickPickSortByLabel, testObserver, quickPickItemTooltip, terminalDataWriteEvent, terminalExecuteCommandEvent, codeActionAI, notebookReplDocument, notebookVariableProvider'. You MUST start in extension development mode or use the --enable-proposed-api command line flag
2026-02-17 18:18:48.405 [error] Extension 'ms-python.vscode-python-envs CANNOT USE these API proposals 'terminalShellEnv, terminalDataWriteEvent'. You MUST start in extension development mode or use the --enable-proposed-api command line flag
2026-02-17 18:18:48.452 [error] [ms-python.python]: editor/content is a proposed menu identifier. It requires 'package.json#enabledApiProposals: ["contribEditorContentMenu"]' and is only available when running out of dev or with the following command line switch: --enable-proposed-api ms-python.python
