2026-02-17 18:17:14.275 [info] Reading sessions from keychain...
2026-02-17 18:17:14.275 [info] Getting sessions for all scopes...
2026-02-17 18:17:14.297 [info] Got 0 sessions for ...
2026-02-17 18:17:14.298 [info] Getting sessions for all scopes...
2026-02-17 18:17:14.298 [info] Got 0 sessions for ...
2026-02-17 18:17:14.298 [info] Getting sessions for all scopes...
2026-02-17 18:17:14.299 [info] Got 0 sessions for ...
2026-02-17 18:17:14.303 [info] Getting sessions for all scopes...
2026-02-17 18:17:14.303 [info] Got 0 sessions for ...
2026-02-17 18:17:15.243 [info] Getting sessions for all scopes...
2026-02-17 18:17:15.243 [info] Got 0 sessions for ...
2026-02-17 18:18:39.464 [info] Reading sessions from keychain...
2026-02-17 18:18:39.464 [info] Getting sessions for all scopes...
2026-02-17 18:18:39.464 [info] Got 0 sessions for ...
2026-02-17 18:18:39.464 [info] Getting sessions for all scopes...
2026-02-17 18:18:39.464 [info] Got 0 sessions for ...
2026-02-17 18:18:39.464 [info] Getting sessions for all scopes...
2026-02-17 18:18:39.464 [info] Got 0 sessions for ...
2026-02-17 18:18:39.464 [info] Getting sessions for all scopes...
2026-02-17 18:18:39.464 [info] Got 0 sessions for ...
2026-02-17 18:18:39.484 [info] Getting sessions for all scopes...
2026-02-17 18:18:39.484 [info] Got 0 sessions for ...
2026-02-17 18:18:40.675 [info] Getting sessions for all scopes...
2026-02-17 18:18:40.675 [info] Got 0 sessions for ...
2026-02-17 18:18:50.689 [info] Getting sessions for read:user,repo,user:email,workflow...
2026-02-17 18:18:50.689 [info] Got 0 sessions for read:user,repo,user:email,workflow...
2026-02-17 18:18:56.271 [info] Getting sessions for read:user,repo,user:email,workflow...
2026-02-17 18:18:56.272 [info] Got 0 sessions for read:user,repo,user:email,workflow...
