2026-02-18 09:06:34.620 [info] [main] Log level: Info
2026-02-18 09:06:34.620 [info] [main] Validating found git in: "git"
2026-02-18 09:06:34.620 [info] [main] Using git "2.53.0" from "git"
2026-02-18 09:06:34.620 [info] [Model][doInitialScan] Initial repository scan started
2026-02-18 09:06:34.620 [info] > git rev-parse --show-toplevel [3ms]
2026-02-18 09:06:34.620 [info] fatal: not a git repository (or any parent up to mount point /)
Stopping at filesystem boundary (GIT_DISCOVERY_ACROSS_FILESYSTEM not set).
2026-02-18 09:06:34.620 [info] [Model][doInitialScan] Initial repository scan completed - repositories (0), closed repositories (0), parent repositories (0), unsafe repositories (0)
2026-02-18 09:10:31.409 [info] [main] Log level: Info
2026-02-18 09:10:31.409 [info] [main] Validating found git in: "git"
2026-02-18 09:10:31.409 [info] [main] Using git "2.53.0" from "git"
2026-02-18 09:10:31.409 [info] [Model][doInitialScan] Initial repository scan started
2026-02-18 09:10:31.410 [info] > git rev-parse --show-toplevel [15ms]
2026-02-18 09:10:31.410 [info] fatal: not a git repository (or any parent up to mount point /)
Stopping at filesystem boundary (GIT_DISCOVERY_ACROSS_FILESYSTEM not set).
2026-02-18 09:10:31.410 [info] [Model][doInitialScan] Initial repository scan completed - repositories (0), closed repositories (0), parent repositories (0), unsafe repositories (0)
2026-02-18 09:10:31.593 [info] > git rev-parse --show-toplevel [3ms]
2026-02-18 09:10:31.593 [info] fatal: not a git repository (or any parent up to mount point /)
Stopping at filesystem boundary (GIT_DISCOVERY_ACROSS_FILESYSTEM not set).
2026-02-18 09:10:32.297 [info] > git rev-parse --show-toplevel [2ms]
2026-02-18 09:10:32.297 [info] fatal: not a git repository (or any parent up to mount point /)
Stopping at filesystem boundary (GIT_DISCOVERY_ACROSS_FILESYSTEM not set).
2026-02-18 09:10:36.882 [info] > git rev-parse --show-toplevel [8ms]
2026-02-18 09:10:36.882 [info] fatal: not a git repository (or any parent up to mount point /)
Stopping at filesystem boundary (GIT_DISCOVERY_ACROSS_FILESYSTEM not set).
2026-02-18 09:10:46.966 [info] > git rev-parse --show-toplevel [2ms]
2026-02-18 09:10:46.966 [info] fatal: not a git repository (or any parent up to mount point /)
Stopping at filesystem boundary (GIT_DISCOVERY_ACROSS_FILESYSTEM not set).
