2026-02-16 17:45:20.435 [info] Extension host with pid 6404 started
2026-02-16 17:45:20.435 [info] Skipping acquiring lock for /home/samer/.config/Code - OSS/User/workspaceStorage/a84b92099633b866c9762de5c3b8eedd.
2026-02-16 17:45:20.689 [info] ExtensionService#_doActivateExtension vscode.github-authentication, startup: false, activationEvent: 'onAuthenticationRequest:github'
2026-02-16 17:45:20.726 [info] ExtensionService#_doActivateExtension vscode.emmet, startup: false, activationEvent: 'onLanguage'
2026-02-16 17:45:20.749 [info] ExtensionService#_doActivateExtension vscode.configuration-editing, startup: false, activationEvent: 'onLanguage:jsonc'
2026-02-16 17:45:20.760 [info] ExtensionService#_doActivateExtension vscode.json-language-features, startup: false, activationEvent: 'onLanguage:jsonc'
2026-02-16 17:45:20.877 [info] ExtensionService#_doActivateExtension vscode.typescript-language-features, startup: false, activationEvent: 'onLanguage:jsonc'
2026-02-16 17:45:21.441 [info] ExtensionService#_doActivateExtension vscode.git-base, startup: true, activationEvent: '*', root cause: vscode.git
2026-02-16 17:45:21.458 [info] ExtensionService#_doActivateExtension vscode.git, startup: true, activationEvent: '*'
2026-02-16 17:45:21.556 [info] ExtensionService#_doActivateExtension vscode.github, startup: true, activationEvent: '*'
2026-02-16 17:45:21.758 [info] Eager extensions activated
2026-02-16 17:45:21.775 [info] ExtensionService#_doActivateExtension vscode.debug-auto-launch, startup: false, activationEvent: 'onStartupFinished'
2026-02-16 17:45:21.781 [info] ExtensionService#_doActivateExtension vscode.merge-conflict, startup: false, activationEvent: 'onStartupFinished'
2026-02-16 17:45:21.816 [info] ExtensionService#_doActivateExtension formulahendry.code-runner, startup: false, activationEvent: 'onStartupFinished'
2026-02-16 17:45:39.285 [info] Extension host terminating: renderer closed the MessagePort
2026-02-16 17:45:39.309 [info] Extension host with pid 6404 exiting with code 0
2026-02-16 17:45:41.213 [info] Extension host with pid 6920 started
2026-02-16 17:45:41.213 [info] Skipping acquiring lock for /home/samer/.config/Code - OSS/User/workspaceStorage/8ffb86d23643312d76f646101d05a17c.
2026-02-16 17:45:41.271 [info] ExtensionService#_doActivateExtension vscode.github-authentication, startup: false, activationEvent: 'onAuthenticationRequest:github'
2026-02-16 17:45:41.320 [info] ExtensionService#_doActivateExtension vscode.emmet, startup: false, activationEvent: 'onLanguage'
2026-02-16 17:45:41.400 [info] ExtensionService#_doActivateExtension vscode.git-base, startup: true, activationEvent: '*', root cause: vscode.git
2026-02-16 17:45:41.437 [info] ExtensionService#_doActivateExtension vscode.git, startup: true, activationEvent: '*'
2026-02-16 17:45:41.515 [info] ExtensionService#_doActivateExtension vscode.github, startup: true, activationEvent: '*'
2026-02-16 17:45:41.692 [info] Eager extensions activated
2026-02-16 17:45:41.824 [info] ExtensionService#_doActivateExtension vscode.debug-auto-launch, startup: false, activationEvent: 'onStartupFinished'
2026-02-16 17:45:41.831 [info] ExtensionService#_doActivateExtension vscode.merge-conflict, startup: false, activationEvent: 'onStartupFinished'
2026-02-16 17:45:41.862 [info] ExtensionService#_doActivateExtension formulahendry.code-runner, startup: false, activationEvent: 'onStartupFinished'
2026-02-16 17:45:42.783 [info] ExtensionService#_doActivateExtension bungcip.better-toml, startup: false, activationEvent: 'onLanguage:toml'
2026-02-16 17:46:49.389 [info] Extension host terminating: renderer closed the MessagePort
2026-02-16 17:46:49.409 [info] Extension host with pid 6920 exiting with code 0
