2026-03-05 14:34:21.965 [info] [main] Log level: Info
2026-03-05 14:34:21.965 [info] [main] Validating found git in: "git"
2026-03-05 14:34:21.965 [info] [main] Using git "2.53.0" from "git"
2026-03-05 14:34:21.965 [info] [Model][doInitialScan] Initial repository scan started
2026-03-05 14:34:21.965 [info] > git rev-parse --show-toplevel [76ms]
2026-03-05 14:34:21.965 [info] fatal: not a git repository (or any parent up to mount point /)
Stopping at filesystem boundary (GIT_DISCOVERY_ACROSS_FILESYSTEM not set).
2026-03-05 14:34:21.965 [info] [Model][doInitialScan] Initial repository scan completed - repositories (0), closed repositories (0), parent repositories (0), unsafe repositories (0)
2026-03-05 14:34:22.595 [info] > git rev-parse --show-toplevel [7ms]
2026-03-05 14:34:22.595 [info] fatal: not a git repository (or any parent up to mount point /)
Stopping at filesystem boundary (GIT_DISCOVERY_ACROSS_FILESYSTEM not set).
2026-03-05 14:34:29.104 [info] > git rev-parse --show-toplevel [9ms]
2026-03-05 14:34:29.105 [info] fatal: not a git repository (or any parent up to mount point /)
Stopping at filesystem boundary (GIT_DISCOVERY_ACROSS_FILESYSTEM not set).
2026-03-05 14:54:06.758 [info] > git rev-parse --show-toplevel [7ms]
2026-03-05 14:54:06.758 [info] fatal: not a git repository (or any parent up to mount point /)
Stopping at filesystem boundary (GIT_DISCOVERY_ACROSS_FILESYSTEM not set).
2026-03-05 14:54:14.676 [info] > git rev-parse --show-toplevel [12ms]
2026-03-05 14:54:14.676 [info] fatal: not a git repository (or any parent up to mount point /)
Stopping at filesystem boundary (GIT_DISCOVERY_ACROSS_FILESYSTEM not set).
2026-03-05 14:55:45.046 [info] > git rev-parse --show-toplevel [7ms]
2026-03-05 14:55:45.051 [info] fatal: not a git repository (or any parent up to mount point /)
Stopping at filesystem boundary (GIT_DISCOVERY_ACROSS_FILESYSTEM not set).
2026-03-05 14:58:52.511 [info] > git rev-parse --show-toplevel [4ms]
2026-03-05 14:58:52.511 [info] fatal: not a git repository (or any parent up to mount point /)
Stopping at filesystem boundary (GIT_DISCOVERY_ACROSS_FILESYSTEM not set).
2026-03-05 15:00:16.044 [info] > git rev-parse --show-toplevel [3ms]
2026-03-05 15:00:16.044 [info] fatal: not a git repository (or any parent up to mount point /)
Stopping at filesystem boundary (GIT_DISCOVERY_ACROSS_FILESYSTEM not set).
