2026-02-16 16:48:21.661 [info] [main] Log level: Info
2026-02-16 16:48:21.661 [info] [main] Validating found git in: "git"
2026-02-16 16:48:21.661 [info] [main] Using git "2.53.0" from "git"
2026-02-16 16:48:21.661 [info] [Model][doInitialScan] Initial repository scan started
2026-02-16 16:48:21.661 [info] > git rev-parse --show-toplevel [29ms]
2026-02-16 16:48:21.661 [info] fatal: not a git repository (or any parent up to mount point /)
Stopping at filesystem boundary (GIT_DISCOVERY_ACROSS_FILESYSTEM not set).
2026-02-16 16:48:21.661 [info] > git rev-parse --show-toplevel [3ms]
2026-02-16 16:48:21.661 [info] fatal: not a git repository (or any parent up to mount point /)
Stopping at filesystem boundary (GIT_DISCOVERY_ACROSS_FILESYSTEM not set).
2026-02-16 16:48:21.661 [info] [Model][doInitialScan] Initial repository scan completed - repositories (0), closed repositories (0), parent repositories (0), unsafe repositories (0)
2026-02-16 16:48:21.665 [info] > git rev-parse --show-toplevel [5ms]
2026-02-16 16:48:21.665 [info] fatal: not a git repository (or any parent up to mount point /)
Stopping at filesystem boundary (GIT_DISCOVERY_ACROSS_FILESYSTEM not set).
2026-02-16 16:48:21.898 [info] > git rev-parse --show-toplevel [3ms]
2026-02-16 16:48:21.898 [info] fatal: not a git repository (or any parent up to mount point /)
Stopping at filesystem boundary (GIT_DISCOVERY_ACROSS_FILESYSTEM not set).
2026-02-16 16:48:27.734 [info] > git rev-parse --show-toplevel [1ms]
2026-02-16 16:48:27.734 [info] fatal: not a git repository (or any parent up to mount point /)
Stopping at filesystem boundary (GIT_DISCOVERY_ACROSS_FILESYSTEM not set).
2026-02-16 16:48:34.568 [info] > git rev-parse --show-toplevel [5ms]
2026-02-16 16:48:34.568 [info] fatal: not a git repository (or any parent up to mount point /)
Stopping at filesystem boundary (GIT_DISCOVERY_ACROSS_FILESYSTEM not set).
2026-02-16 16:49:43.324 [info] > git rev-parse --show-toplevel [2ms]
2026-02-16 16:49:43.324 [info] fatal: not a git repository (or any parent up to mount point /)
Stopping at filesystem boundary (GIT_DISCOVERY_ACROSS_FILESYSTEM not set).
2026-02-16 17:09:05.119 [info] > git rev-parse --show-toplevel [3ms]
2026-02-16 17:09:05.119 [info] fatal: not a git repository (or any parent up to mount point /)
Stopping at filesystem boundary (GIT_DISCOVERY_ACROSS_FILESYSTEM not set).
2026-02-16 17:09:07.756 [info] > git rev-parse --show-toplevel [2ms]
2026-02-16 17:09:07.756 [info] fatal: not a git repository (or any parent up to mount point /)
Stopping at filesystem boundary (GIT_DISCOVERY_ACROSS_FILESYSTEM not set).
2026-02-16 17:09:15.412 [info] > git rev-parse --show-toplevel [3ms]
2026-02-16 17:09:15.412 [info] fatal: not a git repository (or any parent up to mount point /)
Stopping at filesystem boundary (GIT_DISCOVERY_ACROSS_FILESYSTEM not set).
2026-02-16 17:11:13.969 [info] > git rev-parse --show-toplevel [1ms]
2026-02-16 17:11:13.969 [info] fatal: not a git repository (or any parent up to mount point /)
Stopping at filesystem boundary (GIT_DISCOVERY_ACROSS_FILESYSTEM not set).
