2026-02-17 18:17:13.514 [info] Extension host with pid 13606 started
2026-02-17 18:17:13.702 [info] ExtensionService#_doActivateExtension vscode.github-authentication, startup: false, activationEvent: 'onAuthenticationRequest:github'
2026-02-17 18:17:13.761 [info] ExtensionService#_doActivateExtension vscode.emmet, startup: false, activationEvent: 'onLanguage'
2026-02-17 18:17:13.800 [info] ExtensionService#_doActivateExtension vscode.extension-editing, startup: false, activationEvent: 'onLanguage:markdown'
2026-02-17 18:17:13.818 [info] ExtensionService#_doActivateExtension vscode.markdown-language-features, startup: false, activationEvent: 'onLanguage:markdown'
2026-02-17 18:17:14.689 [info] ExtensionService#_doActivateExtension vscode.git-base, startup: true, activationEvent: '*'
2026-02-17 18:17:14.730 [info] ExtensionService#_doActivateExtension vscode.markdown-math, startup: false, activationEvent: 'api', root cause: vscode.markdown-language-features
2026-02-17 18:17:14.840 [info] ExtensionService#_doActivateExtension vscode.github, startup: true, activationEvent: '*'
2026-02-17 18:17:14.972 [info] Eager extensions activated
2026-02-17 18:17:15.005 [info] ExtensionService#_doActivateExtension vscode.debug-auto-launch, startup: false, activationEvent: 'onStartupFinished'
2026-02-17 18:17:15.010 [info] ExtensionService#_doActivateExtension vscode.merge-conflict, startup: false, activationEvent: 'onStartupFinished'
2026-02-17 18:18:25.422 [info] ExtensionService#_doActivateExtension vscode.git, startup: false, activationEvent: 'api', root cause: vscode.github
2026-02-17 18:18:25.664 [info] ExtensionService#_doActivateExtension formulahendry.code-runner, startup: false, activationEvent: 'onStartupFinished'
2026-02-17 18:18:36.915 [info] Extension host terminating: renderer closed the MessagePort
2026-02-17 18:18:36.959 [info] Extension host with pid 13606 exiting with code 0
2026-02-17 18:18:39.312 [info] Extension host with pid 14027 started
2026-02-17 18:18:39.312 [info] Skipping acquiring lock for /home/samer/.config/Code - OSS/User/workspaceStorage/17f2f78360e7fffaaff87fa96f66007f.
2026-02-17 18:18:39.339 [info] ExtensionService#_doActivateExtension vscode.github-authentication, startup: false, activationEvent: 'onAuthenticationRequest:github'
2026-02-17 18:18:39.396 [info] ExtensionService#_doActivateExtension vscode.emmet, startup: false, activationEvent: 'onLanguage'
2026-02-17 18:18:39.459 [info] ExtensionService#_doActivateExtension vscode.git-base, startup: true, activationEvent: '*'
2026-02-17 18:18:39.490 [info] ExtensionService#_doActivateExtension vscode.github, startup: true, activationEvent: '*'
2026-02-17 18:18:39.603 [info] Eager extensions activated
2026-02-17 18:18:39.637 [info] ExtensionService#_doActivateExtension vscode.debug-auto-launch, startup: false, activationEvent: 'onStartupFinished'
2026-02-17 18:18:39.643 [info] ExtensionService#_doActivateExtension vscode.merge-conflict, startup: false, activationEvent: 'onStartupFinished'
2026-02-17 18:18:48.596 [info] ExtensionService#_doActivateExtension vscode.git, startup: false, activationEvent: 'api', root cause: vscode.github
2026-02-17 18:18:48.722 [info] ExtensionService#_doActivateExtension formulahendry.code-runner, startup: false, activationEvent: 'onStartupFinished'
2026-02-17 18:18:50.644 [warning] [Decorations] CAPPING events from decorations provider vscode.git 868
2026-02-17 18:18:51.731 [warning] [Decorations] CAPPING events from decorations provider vscode.git 868
2026-02-17 18:20:01.503 [warning] [Decorations] CAPPING events from decorations provider vscode.git 868
2026-02-17 18:20:07.537 [warning] [Decorations] CAPPING events from decorations provider vscode.git 868
2026-02-17 18:21:34.775 [warning] [Decorations] CAPPING events from decorations provider vscode.git 868
2026-02-17 18:21:35.248 [warning] [Decorations] CAPPING events from decorations provider vscode.git 866
2026-02-17 18:22:29.732 [warning] [Decorations] CAPPING events from decorations provider vscode.git 866
2026-02-17 18:22:34.382 [warning] [Decorations] CAPPING events from decorations provider vscode.git 866
2026-02-17 18:22:49.299 [warning] [Decorations] CAPPING events from decorations provider vscode.git 866
2026-02-17 18:26:38.080 [info] Extension host terminating: renderer closed the MessagePort
2026-02-17 18:26:38.108 [info] Extension host with pid 14027 exiting with code 0
